Homework #1.
2(a).  

```bash  
$ git branch test1
  
$ git branch test2  
```  

2(b).

```bash  
$ git checkout test1
Switched to branch 'test1'  

$ cd homework/1/

$ vim test.txt
```

2(c).

```bash
## created text in vim editor "This is some example text for branch test1"
```

2(d).

```bash  
$ git add test.txt
warning: LF will be replaced by CRLF in Homework/1/test.txt.
The file will have its original line endings in your working directory.

$ git commit -m "This is a test commit"
[test1 adac8c6] This is a test commit
 1 file changed, 1 insertion(+)
 create mode 100644 Homework/1/test.txt
```

2(e).

```bash
$ git checkout test2
Switched to branch 'test2'

$cd homework/1/

$ ls
readme.md
```
# the test.txt file doesn't exist in branch test2 because this branch  
# was made as a copy of branch master

2(f).

```bash
$ vim test.txt
#wrote example text in file
```

2(g).

```bash
$ git checkout test1
error: The following untracked working tree files would be overwritten by checkout:
        Homework/1/test.txt
Please move or remove them before you switch branches.
Aborting

$ git add --all
warning: LF will be replaced by CRLF in Homework/1/test.txt.
The file will have its original line endings in your working directory.

$ git commit
[test2 a3411d6] Committing test.txt(2)
 3 files changed, 1 insertion(+)
 create mode 100644 Homework/1/test.txt
 create mode 100644 test
 create mode 100644 test.txt

 $ git checkout test1
Switched to branch 'test1'
```

2(h).
```bash
$ git merge test1
Updating c1ca999..fbaabd0
Fast-forward
 Homework/1/test.txt | 1 +
 1 file changed, 1 insertion(+)
 create mode 100644 Homework/1/test.txt
```

2(i).
```bash
$ ls
readme.md  test.txt
```

2(j).
```bash
$ git merge test2
Auto-merging Homework/1/test.txt
CONFLICT (add/add): Merge conflict in Homework/1/test.txt
Automatic merge failed; fix conflicts and then commit the result.
```
#This error occurs because it contains different files between 
#branches master and test2

2(k).
```bash
$ git checkout test2
error: you need to resolve your current index first
Homework/1/test.txt: needs merge
```

2(l).
#this message is telling us that two conflicting files are trying to merge
#into the same path so the user can decide what information to keep

2(m).
```bash
$ git status
On branch master
Your branch is ahead of 'origin/master' by 14 commits.
  (use "git push" to publish your local commits)

You have unmerged paths.
  (fix conflicts and run "git commit")
  (use "git merge --abort" to abort the merge)

Unmerged paths:
  (use "git add <file>..." to mark resolution)

        both added:      test.txt

no changes added to commit (use "git add" and/or "git commit -a")

$ git add --all
```

2(n).
```bash
$ git commit
[master c25dcbf] Merge branch 'test2'
```

2(o).
```bash
$ git branch -d test1
error: The branch 'test1' is not fully merged.
If you are sure you want to delete it, run 'git branch -D test1'.
```

2(p).
```bash
$ git branch -d test1
Deleted branch test1 (was fbaabd0).

$ git branch
* master
  test2
```

2(q)
#It allowed us to delete branch test1 from master because master was a version
#that included the contents of test1 while branch test2 had conflicting contents
#so it couldn't decide what to keep

2(r).
```bash
$ git branch -d test2
error: Cannot delete branch 'test2' checked out at 'C:/Users/gvaug/Git/ICP2017F'
```

2(s).
```bash
$ git checkout master
Switched to branch 'master'
Your branch is ahead of 'origin/master' by 16 commits.
  (use "git push" to publish your local commits)

$ git branch -d test2
Deleted branch test2 (was 6a83175).

$ git branch
* master
```

2(t).
```bash
$ git status
On branch master
Your branch is ahead of 'origin/master' by 16 commits.
  (use "git push" to publish your local commits)

nothing to commit, working tree clean

$ git push
Counting objects: 34, done.
Delta compression using up to 4 threads.
Compressing objects: 100% (32/32), done.
Writing objects: 100% (34/34), 3.67 KiB | 268.00 KiB/s, done.
Total 34 (delta 9), reused 0 (delta 0)
remote: Resolving deltas: 100% (9/9), done.
To https://github.com/gvaughn77/Garet-Vaughn-ICP.git
   b7b27fc..c25dcbf  master -> master
```